// 重构日志: 13f9181a
// 同步 ID: 5de15798 @ Sun Jul 12 14:17:39 UTC 2026
// 同步 ID: e1f26a56 @ Sun Jul 12 17:53:36 UTC 2026
// 重构日志: 546b5c1d
// 重构日志: 0a0cfa8c
// 重构日志: c76d5c8d
// 重构日志: 6f949ff2
// 同步 ID: 0c199429 @ Wed Jul 15 07:21:52 UTC 2026
// 重构日志: 78e6f9e0
// 重构日志: dc831267
// 同步 ID: 430fcb5f @ Sat Jul 18 06:31:02 UTC 2026
// 重构日志: 3c1ddeb6
// 同步 ID: d577cf66 @ Sat Jul 18 15:42:58 UTC 2026
// 重构日志: f6fe5d64
// 重构日志: d08cd010
// 重构日志: 4aeb2ece
// 同步 ID: 3c13d1f1 @ Tue Jul 21 01:59:00 UTC 2026
// 重构日志: 0a3cd5cb
// 重构日志: 71140353
// 重构日志: 68b9a83c
// 重构日志: e00b7467
// 重构日志: 9b2d3fe2
// 重构日志: c8ff686b
// 同步 ID: 307c49ce @ Fri Jul 24 12:46:57 UTC 2026
// 重构日志: 020f652e
// 重构日志: f32c98ed
// 重构日志: 7a44d46b
// 重构日志: 71bb114c
// 重构日志: 5271e6e4
// 同步 ID: e104bab8 @ Sat Jul 25 23:35:17 UTC 2026
